[templates.acrothemes.com/wexim/index.html]
[backblue.gif]
[fade.gif]
[index.html]
[templates.acrothemes.com/wexim/images/favicon.ico]
[templates.acrothemes.com/wexim/css/animate.min.css]
[templates.acrothemes.com/wexim/css/bootstrap.min.css]
[templates.acrothemes.com/wexim/css/font-awesome.min.css]
[templates.acrothemes.com/wexim/css/owl.carousel.min.css]
[templates.acrothemes.com/wexim/css/cubeportfolio.min.css]
[templates.acrothemes.com/wexim/css/jquery.fancybox.min.css]
[templates.acrothemes.com/wexim/rs-plugin/css/settings.css]
[templates.acrothemes.com/wexim/rs-plugin/css/navigation.css]
[templates.acrothemes.com/wexim/css/style.css]
[templates.acrothemes.com/wexim/images/logo-white.png]
[templates.acrothemes.com/wexim/images/slider-image1.jpg]
[templates.acrothemes.com/wexim/images/object1.png]
[templates.acrothemes.com/wexim/images/svg-image1.jpg]
[templates.acrothemes.com/wexim/images/slider-image2.jpg]
[templates.acrothemes.com/wexim/video/thumb.jpg]
[templates.acrothemes.com/wexim/images/laptop-img.png]
[templates.acrothemes.com/wexim/images/laptop-slide-img1.jpg]
[templates.acrothemes.com/wexim/images/laptop-slide-img2.jpg]
[templates.acrothemes.com/wexim/images/laptop-slide-img3.jpg]
[templates.acrothemes.com/wexim/images/team-img1.jpg]
[templates.acrothemes.com/wexim/images/team-img2.jpg]
[templates.acrothemes.com/wexim/images/team-img3.jpg]
[templates.acrothemes.com/wexim/images/work-1.jpg]
[templates.acrothemes.com/wexim/images/work-2.jpg]
[templates.acrothemes.com/wexim/images/work-4.jpg]
[templates.acrothemes.com/wexim/images/work-3.jpg]
[templates.acrothemes.com/wexim/images/work-5.jpg]
[templates.acrothemes.com/wexim/images/work-6.jpg]
[templates.acrothemes.com/wexim/images/work-7.jpg]
[templates.acrothemes.com/wexim/images/work-8.jpg]
[templates.acrothemes.com/wexim/loadmore.html]
[templates.acrothemes.com/wexim/images/phone.png]
[templates.acrothemes.com/wexim/images/testimonial-img1.jpg]
[templates.acrothemes.com/wexim/images/testimonial-img2.jpg]
[templates.acrothemes.com/wexim/images/testimonial-img3.jpg]
[templates.acrothemes.com/wexim/images/iphone-img.png]
[templates.acrothemes.com/wexim/images/iphone-slide1.jpg]
[templates.acrothemes.com/wexim/images/iphone-slide2.jpg]
[templates.acrothemes.com/wexim/images/iphone-slide3.jpg]
[templates.acrothemes.com/wexim/blog-left.html]
[templates.acrothemes.com/wexim/images/blog-image1.jpg]
[templates.acrothemes.com/wexim/blog-right.html]
[templates.acrothemes.com/wexim/images/blog-image2.jpg]
[templates.acrothemes.com/wexim/js/jquery-3.3.1.min.js]
[templates.acrothemes.com/wexim/js/popper.min.js]
[templates.acrothemes.com/wexim/js/bootstrap.min.js]
[templates.acrothemes.com/wexim/js/jquery.appear.js]
[templates.acrothemes.com/wexim/js/isotope.pkgd.min.js]
[templates.acrothemes.com/wexim/js/jquery.cubeportfolio.min.js]
[templates.acrothemes.com/wexim/js/owl.carousel.min.js]
[templates.acrothemes.com/wexim/js/morphext.min.js]
[templates.acrothemes.com/wexim/js/particles.min.js]
[templates.acrothemes.com/wexim/js/parallaxie.min.js]
[templates.acrothemes.com/wexim/js/jquery.fancybox.min.js]
[templates.acrothemes.com/wexim/js/wow.js]
[templates.acrothemes.com/wexim/js/TweenMax.min.js]
[templates.acrothemes.com/wexim/rs-plugin/js/jquery.themepunch.tools.min.js]
[templates.acrothemes.com/wexim/rs-plugin/js/jquery.themepunch.revolution.min.js]
[templates.acrothemes.com/wexim/rs-plugin/js/extensions/revolution.extension.actions.min.js]
[templates.acrothemes.com/wexim/rs-plugin/js/extensions/revolution.extension.carousel.min.js]
[templates.acrothemes.com/wexim/rs-plugin/js/extensions/revolution.extension.kenburn.min.js]
[templates.acrothemes.com/wexim/rs-plugin/js/extensions/revolution.extension.layeranimation.min.js]
[templates.acrothemes.com/wexim/rs-plugin/js/extensions/revolution.extension.migration.min.js]
[templates.acrothemes.com/wexim/rs-plugin/js/extensions/revolution.extension.navigation.min.js]
[templates.acrothemes.com/wexim/rs-plugin/js/extensions/revolution.extension.parallax.min.js]
[templates.acrothemes.com/wexim/rs-plugin/js/extensions/revolution.extension.slideanims.min.js]
[templates.acrothemes.com/wexim/rs-plugin/js/extensions/revolution.extension.video.min.js]
[templates.acrothemes.com/wexim/js/map.js]
[templates.acrothemes.com/wexim/index.html]
[templates.acrothemes.com/wexim/css/animate.min.css]
[templates.acrothemes.com/wexim/css/bootstrap.min.css]
[templates.acrothemes.com/wexim/js/script.js]
[templates.acrothemes.com/wexim/fonts/fontawesome-webfont3e6e.eot]
[templates.acrothemes.com/wexim/fonts/fontawesome-webfont3e6e.woff2]
[templates.acrothemes.com/wexim/fonts/fontawesome-webfont3e6e.woff]
[templates.acrothemes.com/wexim/fonts/fontawesome-webfont3e6e.ttf]
[templates.acrothemes.com/wexim/fonts/fontawesome-webfontd41d.eot]
[templates.acrothemes.com/wexim/css/font-awesome.min.css]
[templates.acrothemes.com/wexim/fonts/fontawesome-webfont3e6e.svg]
[templates.acrothemes.com/wexim/css/owl.video.play.png]
[templates.acrothemes.com/wexim/css/owl.carousel.min.css]
[templates.acrothemes.com/wexim/css/owl.theme.default.min.css]
[templates.acrothemes.com/wexim/images/cbp-sprite.png]
[templates.acrothemes.com/wexim/css/cubeportfolio.min.css]
[templates.acrothemes.com/wexim/css/jquery.fancybox.min.css]
[templates.acrothemes.com/wexim/rs-plugin/fonts/revicons/revicons90c6.eot]
[templates.acrothemes.com/wexim/rs-plugin/fonts/revicons/revicons90c6.woff]
[templates.acrothemes.com/wexim/rs-plugin/fonts/revicons/revicons90c6.ttf]
[templates.acrothemes.com/wexim/rs-plugin/fonts/revicons/revicons90c6.svg]
[templates.acrothemes.com/wexim/rs-plugin/css/openhand.cur]
[templates.acrothemes.com/wexim/rs-plugin/css/closedhand.cur]
[templates.acrothemes.com/wexim/rs-plugin/assets/gridtile.png]
[templates.acrothemes.com/wexim/rs-plugin/assets/gridtile_white.png]
[templates.acrothemes.com/wexim/rs-plugin/assets/gridtile_3x3.png]
[templates.acrothemes.com/wexim/rs-plugin/assets/gridtile_3x3_white.png]
[templates.acrothemes.com/wexim/rs-plugin/assets/coloredbg.png]
[templates.acrothemes.com/wexim/rs-plugin/assets/loader.gif]
[templates.acrothemes.com/wexim/rs-plugin/css/settings.css]
[templates.acrothemes.com/wexim/rs-plugin/css/navigation.css]
[templates.acrothemes.com/wexim/images/bg-img1.jpg]
[templates.acrothemes.com/wexim/images/slider-image3.jpg]
[templates.acrothemes.com/wexim/images/address-image.jpg]
[templates.acrothemes.com/wexim/images/bg-img2.jpg]
[templates.acrothemes.com/wexim/images/bg-img3.jpg]
[templates.acrothemes.com/wexim/images/bg-img4.jpg]
[templates.acrothemes.com/wexim/images/bg-img5.jpg]
[templates.acrothemes.com/wexim/images/bg-img6.jpg]
[templates.acrothemes.com/wexim/images/bg-img7.jpg]
[templates.acrothemes.com/wexim/images/bg-img8.jpg]
[templates.acrothemes.com/wexim/images/bg-img9.jpg]
[templates.acrothemes.com/wexim/images/map.jpg]
[templates.acrothemes.com/wexim/images/countdown_bg1.jpg]
[templates.acrothemes.com/wexim/images/countdown_bg2.jpg]
[templates.acrothemes.com/wexim/css/style.css]
[templates.acrothemes.com/wexim/images/work-9.jpg]
[templates.acrothemes.com/wexim/images/work-12.jpg]
[templates.acrothemes.com/wexim/images/work-11.jpg]
[templates.acrothemes.com/wexim/images/work-10.jpg]
[templates.acrothemes.com/wexim/loadmore.html]
[templates.acrothemes.com/wexim/images/logo-bold-white.png]
[templates.acrothemes.com/wexim/blog-detail.html]
[templates.acrothemes.com/wexim/images/blog-list-img1.jpg]
[templates.acrothemes.com/wexim/images/blog-list-img2.jpg]
[templates.acrothemes.com/wexim/images/blog-list-img3.jpg]
[templates.acrothemes.com/wexim/images/blog-thumb1.jpg]
[templates.acrothemes.com/wexim/images/blog-thumb2.jpg]
[templates.acrothemes.com/wexim/images/blog-thumb3.jpg]
[templates.acrothemes.com/wexim/blog-left.html]
[templates.acrothemes.com/wexim/images/logo-bold-black.png]
[templates.acrothemes.com/wexim/blog-right.html]
[templates.acrothemes.com/wexim/fonts/fontawesome-webfont3e6e.svg]
[templates.acrothemes.com/wexim/css/owl.video.play.html]
[templates.acrothemes.com/wexim/rs-plugin/fonts/revicons/revicons90c6.svg]
[templates.acrothemes.com/wexim/rs-plugin/assets/gridtile.html]
[templates.acrothemes.com/wexim/rs-plugin/assets/gridtile_white.html]
[templates.acrothemes.com/wexim/rs-plugin/assets/gridtile_3x3.html]
[templates.acrothemes.com/wexim/rs-plugin/assets/gridtile_3x3_white.html]
[templates.acrothemes.com/wexim/rs-plugin/assets/coloredbg.html]
[templates.acrothemes.com/wexim/images/blog-detail-img1.jpg]
[templates.acrothemes.com/wexim/images/avtar-1.jpg]
[templates.acrothemes.com/wexim/images/avtar-2.jpg]
[templates.acrothemes.com/wexim/images/avtar-3.jpg]
[templates.acrothemes.com/wexim/blog-detail.html]
